Using CUDA_HOME=/cm/shared/apps/cuda12.4/toolkit/12.4.1
[2026-08-12 22:43:02,954] [INFO] [real_accelerator.py:254:get_accelerator] Setting ds_accelerator to cuda (auto detect)
[2026-08-12 22:43:09,222] [INFO] [logging.py:107:log_dist] [Rank -1] [TorchCheckpointEngine] Initialized with serialization = False
[2026-08-12 22:43:25,828] [INFO] [real_accelerator.py:254:get_accelerator] Setting ds_accelerator to cuda (auto detect)
[2026-08-12 22:43:25,882] [INFO] [real_accelerator.py:254:get_accelerator] Setting ds_accelerator to cuda (auto detect)
[2026-08-12 22:43:26,045] [INFO] [real_accelerator.py:254:get_accelerator] Setting ds_accelerator to cuda (auto detect)
[2026-08-12 22:43:26,270] [INFO] [real_accelerator.py:254:get_accelerator] Setting ds_accelerator to cuda (auto detect)
[2026-08-12 22:43:26,270] [INFO] [real_accelerator.py:254:get_accelerator] Setting ds_accelerator to cuda (auto detect)
[2026-08-12 22:43:26,302] [INFO] [real_accelerator.py:254:get_accelerator] Setting ds_accelerator to cuda (auto detect)
[2026-08-12 22:43:26,305] [INFO] [real_accelerator.py:254:get_accelerator] Setting ds_accelerator to cuda (auto detect)
[2026-08-12 22:43:26,311] [INFO] [real_accelerator.py:254:get_accelerator] Setting ds_accelerator to cuda (auto detect)
[2026-08-12 22:43:29,738] [INFO] [logging.py:107:log_dist] [Rank -1] [TorchCheckpointEngine] Initialized with serialization = False
[2026-08-12 22:43:29,774] [INFO] [comm.py:821:init_distributed] cdb=None
[2026-08-12 22:43:29,781] [INFO] [logging.py:107:log_dist] [Rank -1] [TorchCheckpointEngine] Initialized with serialization = False
[2026-08-12 22:43:29,818] [INFO] [comm.py:821:init_distributed] cdb=None
[2026-08-12 22:43:29,945] [INFO] [logging.py:107:log_dist] [Rank -1] [TorchCheckpointEngine] Initialized with serialization = False
[2026-08-12 22:43:29,983] [INFO] [comm.py:821:init_distributed] cdb=None
[2026-08-12 22:43:30,204] [INFO] [logging.py:107:log_dist] [Rank -1] [TorchCheckpointEngine] Initialized with serialization = False
[2026-08-12 22:43:30,239] [INFO] [comm.py:821:init_distributed] cdb=None
[2026-08-12 22:43:30,249] [INFO] [logging.py:107:log_dist] [Rank -1] [TorchCheckpointEngine] Initialized with serialization = False
[2026-08-12 22:43:30,267] [INFO] [logging.py:107:log_dist] [Rank -1] [TorchCheckpointEngine] Initialized with serialization = False
[2026-08-12 22:43:30,267] [INFO] [logging.py:107:log_dist] [Rank -1] [TorchCheckpointEngine] Initialized with serialization = False
[2026-08-12 22:43:30,268] [INFO] [logging.py:107:log_dist] [Rank -1] [TorchCheckpointEngine] Initialized with serialization = False
[2026-08-12 22:43:30,284] [INFO] [comm.py:821:init_distributed] cdb=None
[2026-08-12 22:43:30,303] [INFO] [comm.py:821:init_distributed] cdb=None
[2026-08-12 22:43:30,303] [INFO] [comm.py:821:init_distributed] cdb=None
[2026-08-12 22:43:30,303] [INFO] [comm.py:852:init_distributed] Initializing TorchBackend in DeepSpeed with backend nccl
[2026-08-12 22:43:30,305] [INFO] [comm.py:821:init_distributed] cdb=None

[zero3] 8 ranks, DEEPSPEED
[2026-08-12 22:43:35,225] [INFO] [config.py:684:__init__] Config mesh_device None world_size = 8
[2026-08-12 22:43:35,225] [INFO] [config.py:684:__init__] Config mesh_device None world_size = 8
[2026-08-12 22:43:35,225] [INFO] [config.py:684:__init__] Config mesh_device None world_size = 8
[2026-08-12 22:43:35,225] [INFO] [config.py:684:__init__] Config mesh_device None world_size = 8
[2026-08-12 22:43:35,225] [INFO] [config.py:684:__init__] Config mesh_device None world_size = 8
[2026-08-12 22:43:35,225] [INFO] [config.py:684:__init__] Config mesh_device None world_size = 8
[2026-08-12 22:43:35,225] [INFO] [config.py:684:__init__] Config mesh_device None world_size = 8
[2026-08-12 22:43:35,226] [INFO] [config.py:684:__init__] Config mesh_device None world_size = 8
[2026-08-12 22:43:36,359] [INFO] [partition_parameters.py:366:__exit__] finished initializing model - num_params = 750, num_elems = 8.77B
[2026-08-12 22:43:55,516] [INFO] [config.py:684:__init__] Config mesh_device None world_size = 8
[2026-08-12 22:43:55,517] [INFO] [config.py:684:__init__] Config mesh_device None world_size = 8
[2026-08-12 22:43:55,517] [INFO] [config.py:684:__init__] Config mesh_device None world_size = 8
[2026-08-12 22:43:55,517] [INFO] [config.py:684:__init__] Config mesh_device None world_size = 8
[2026-08-12 22:43:55,517] [INFO] [config.py:684:__init__] Config mesh_device None world_size = 8
[2026-08-12 22:43:55,517] [INFO] [config.py:684:__init__] Config mesh_device None world_size = 8
[2026-08-12 22:43:55,517] [INFO] [config.py:684:__init__] Config mesh_device None world_size = 8
[2026-08-12 22:43:55,932] [INFO] [logging.py:107:log_dist] [Rank 0] DeepSpeed info: version=0.17.4, git-hash=unknown, git-branch=unknown
[2026-08-12 22:43:55,932] [INFO] [config.py:684:__init__] Config mesh_device None world_size = 8
[2026-08-12 22:43:57,247] [INFO] [engine.py:1339:_configure_distributed_model] ********** distributed groups summary **********
	 self.dp_world_size=8
	 self.mp_world_size=1
	 self.seq_dp_world_size=8
	 self.sequence_parallel_size=1
***********************************************
[2026-08-12 22:43:57,249] [INFO] [logging.py:107:log_dist] [Rank 0] DeepSpeed Flops Profiler Enabled: False
[2026-08-12 22:43:57,250] [INFO] [logging.py:107:log_dist] [Rank 0] Using client Optimizer as basic optimizer
[2026-08-12 22:43:57,250] [INFO] [logging.py:107:log_dist] [Rank 0] Removing param_group that has no 'params' in the basic Optimizer
[2026-08-12 22:43:57,287] [INFO] [logging.py:107:log_dist] [Rank 0] DeepSpeed Basic Optimizer = AdamW
[2026-08-12 22:43:57,288] [INFO] [utils.py:59:is_zero_supported_optimizer] Checking ZeRO support for optimizer=AdamW type=<class 'torch.optim.adamw.AdamW'>
[2026-08-12 22:43:57,288] [INFO] [logging.py:107:log_dist] [Rank 0] Creating fp16 ZeRO stage 3 optimizer, MiCS is enabled False, Hierarchical params gather False
[2026-08-12 22:43:57,288] [INFO] [logging.py:107:log_dist] [Rank 0] Creating torch.bfloat16 ZeRO stage 3 optimizer
[2026-08-12 22:43:57,461] [INFO] [utils.py:781:see_memory_usage] Stage 3 initialize beginning
[2026-08-12 22:43:57,462] [INFO] [utils.py:782:see_memory_usage] MA 2.04 GB         Max_MA 4.36 GB         CA 4.48 GB         Max_CA 4 GB 
[2026-08-12 22:43:57,462] [INFO] [utils.py:789:see_memory_usage] CPU Virtual Memory:  used = 91.58 GB, percent = 4.5%
[2026-08-12 22:43:57,464] [INFO] [stage3.py:186:__init__] Reduce bucket size 500000000
[2026-08-12 22:43:57,464] [INFO] [stage3.py:187:__init__] Prefetch bucket size 50000000
[2026-08-12 22:43:57,586] [INFO] [utils.py:781:see_memory_usage] DeepSpeedZeRoOffload initialize [begin]
[2026-08-12 22:43:57,586] [INFO] [utils.py:782:see_memory_usage] MA 2.04 GB         Max_MA 2.04 GB         CA 4.48 GB         Max_CA 4 GB 
[2026-08-12 22:43:57,586] [INFO] [utils.py:789:see_memory_usage] CPU Virtual Memory:  used = 91.59 GB, percent = 4.5%
Parameter Offload - Persistent parameters statistics: param_count = 378, numel = 770288
[2026-08-12 22:43:57,777] [INFO] [utils.py:781:see_memory_usage] DeepSpeedZeRoOffload initialize [end]
[2026-08-12 22:43:57,777] [INFO] [utils.py:782:see_memory_usage] MA 2.04 GB         Max_MA 2.04 GB         CA 4.48 GB         Max_CA 4 GB 
[2026-08-12 22:43:57,777] [INFO] [utils.py:789:see_memory_usage] CPU Virtual Memory:  used = 91.6 GB, percent = 4.5%
[2026-08-12 22:43:57,904] [INFO] [utils.py:781:see_memory_usage] Before creating fp16 partitions
[2026-08-12 22:43:57,904] [INFO] [utils.py:782:see_memory_usage] MA 2.04 GB         Max_MA 2.04 GB         CA 4.48 GB         Max_CA 4 GB 
[2026-08-12 22:43:57,904] [INFO] [utils.py:789:see_memory_usage] CPU Virtual Memory:  used = 91.6 GB, percent = 4.5%
[2026-08-12 22:43:59,514] [INFO] [utils.py:781:see_memory_usage] After creating fp16 partitions: 2
[2026-08-12 22:43:59,515] [INFO] [utils.py:782:see_memory_usage] MA 2.04 GB         Max_MA 2.04 GB         CA 2.05 GB         Max_CA 4 GB 
[2026-08-12 22:43:59,515] [INFO] [utils.py:789:see_memory_usage] CPU Virtual Memory:  used = 91.61 GB, percent = 4.5%
[2026-08-12 22:43:59,637] [INFO] [utils.py:781:see_memory_usage] Before creating fp32 partitions
[2026-08-12 22:43:59,637] [INFO] [utils.py:782:see_memory_usage] MA 2.04 GB         Max_MA 2.04 GB         CA 2.05 GB         Max_CA 2 GB 
[2026-08-12 22:43:59,637] [INFO] [utils.py:789:see_memory_usage] CPU Virtual Memory:  used = 91.61 GB, percent = 4.5%
[2026-08-12 22:43:59,773] [INFO] [utils.py:781:see_memory_usage] After creating fp32 partitions
[2026-08-12 22:43:59,774] [INFO] [utils.py:782:see_memory_usage] MA 6.12 GB         Max_MA 7.66 GB         CA 7.67 GB         Max_CA 8 GB 
[2026-08-12 22:43:59,774] [INFO] [utils.py:789:see_memory_usage] CPU Virtual Memory:  used = 91.62 GB, percent = 4.5%
[2026-08-12 22:43:59,895] [INFO] [utils.py:781:see_memory_usage] Before initializing optimizer states
[2026-08-12 22:43:59,896] [INFO] [utils.py:782:see_memory_usage] MA 6.12 GB         Max_MA 6.12 GB         CA 7.67 GB         Max_CA 8 GB 
[2026-08-12 22:43:59,896] [INFO] [utils.py:789:see_memory_usage] CPU Virtual Memory:  used = 91.61 GB, percent = 4.5%
[2026-08-12 22:44:00,021] [INFO] [utils.py:781:see_memory_usage] After initializing optimizer states
[2026-08-12 22:44:00,021] [INFO] [utils.py:782:see_memory_usage] MA 6.12 GB         Max_MA 9.87 GB         CA 11.41 GB         Max_CA 11 GB 
[2026-08-12 22:44:00,021] [INFO] [utils.py:789:see_memory_usage] CPU Virtual Memory:  used = 91.61 GB, percent = 4.5%
[2026-08-12 22:44:00,022] [INFO] [stage3.py:554:_setup_for_real_optimizer] optimizer state initialized
[2026-08-12 22:44:00,352] [INFO] [utils.py:781:see_memory_usage] After initializing ZeRO optimizer
[2026-08-12 22:44:00,352] [INFO] [utils.py:782:see_memory_usage] MA 9.1 GB         Max_MA 11.42 GB         CA 12.57 GB         Max_CA 13 GB 
[2026-08-12 22:44:00,353] [INFO] [utils.py:789:see_memory_usage] CPU Virtual Memory:  used = 91.63 GB, percent = 4.5%
[2026-08-12 22:44:00,353] [INFO] [logging.py:107:log_dist] [Rank 0] DeepSpeed Final Optimizer = DeepSpeedZeroOptimizer_Stage3
[2026-08-12 22:44:00,353] [INFO] [logging.py:107:log_dist] [Rank 0] DeepSpeed using configured LR scheduler = None
[2026-08-12 22:44:00,353] [INFO] [logging.py:107:log_dist] [Rank 0] DeepSpeed LR Scheduler = None
[2026-08-12 22:44:00,353] [INFO] [logging.py:107:log_dist] [Rank 0] step=0, skipped=0, lr=[1e-09], mom=[(0.9, 0.999)]
[2026-08-12 22:44:00,354] [INFO] [logging.py:107:log_dist] [Rank 0] [TorchCheckpointEngine] Initialized with serialization = True
[2026-08-12 22:44:00,355] [INFO] [config.py:954:print] DeepSpeedEngine configuration:
[2026-08-12 22:44:00,355] [INFO] [config.py:958:print]   activation_checkpointing_config  {
    "partition_activations": false, 
    "contiguous_memory_optimization": false, 
    "cpu_checkpointing": false, 
    "number_checkpoints": null, 
    "synchronize_checkpoint_boundary": false, 
    "profile": false
}
[2026-08-12 22:44:00,355] [INFO] [config.py:958:print]   aio_config ................... {'block_size': 1048576, 'queue_depth': 8, 'intra_op_parallelism': 1, 'single_submit': False, 'overlap_events': True, 'use_gds': False}
[2026-08-12 22:44:00,355] [INFO] [config.py:958:print]   amp_enabled .................. False
[2026-08-12 22:44:00,355] [INFO] [config.py:958:print]   amp_params ................... False
[2026-08-12 22:44:00,355] [INFO] [config.py:958:print]   autotuning_config ............ {
    "enabled": false, 
    "start_step": null, 
    "end_step": null, 
    "metric_path": null, 
    "arg_mappings": null, 
    "metric": "throughput", 
    "model_info": null, 
    "results_dir": "autotuning_results", 
    "exps_dir": "autotuning_exps", 
    "overwrite": true, 
    "fast": true, 
    "start_profile_step": 3, 
    "end_profile_step": 5, 
    "tuner_type": "gridsearch", 
    "tuner_early_stopping": 5, 
    "tuner_num_trials": 50, 
    "model_info_path": null, 
    "mp_size": 1, 
    "max_train_batch_size": null, 
    "min_train_batch_size": 1, 
    "max_train_micro_batch_size_per_gpu": 1.024000e+03, 
    "min_train_micro_batch_size_per_gpu": 1, 
    "num_tuning_micro_batch_sizes": 3
}
[2026-08-12 22:44:00,355] [INFO] [config.py:958:print]   bfloat16_config .............. enabled=True immediate_grad_update=False check_grad_overflow=False
[2026-08-12 22:44:00,355] [INFO] [config.py:958:print]   checkpoint_config ............ {'tag_validation': 'WARN', 'checkpoint_serialization': True, 'writer': None}
[2026-08-12 22:44:00,355] [INFO] [config.py:958:print]   checkpoint_parallel_write_pipeline  False
[2026-08-12 22:44:00,355] [INFO] [config.py:958:print]   checkpoint_tag_validation_enabled  True
[2026-08-12 22:44:00,355] [INFO] [config.py:958:print]   checkpoint_tag_validation_fail  False
[2026-08-12 22:44:00,355] [INFO] [config.py:958:print]   comms_config ................. <deepspeed.comm.config.DeepSpeedCommsConfig object at 0x15518aa88b20>
[2026-08-12 22:44:00,355] [INFO] [config.py:958:print]   communication_data_type ...... None
[2026-08-12 22:44:00,355] [INFO] [config.py:958:print]   compile_config ............... deepcompile=False free_activation=False offload_activation=False offload_opt_states=False double_buffer=True symmetric_memory=False debug_log=False offload_parameters=False sync_before_reduce=False sync_after_reduce=False sync_before_allgather=False sync_after_allgather=False keep_int_input_tensors=True keep_all_input_tensors=False
[2026-08-12 22:44:00,355] [INFO] [config.py:958:print]   compression_config ........... {'weight_quantization': {'shared_parameters': {'enabled': False, 'quantizer_kernel': False, 'schedule_offset': 0, 'quantize_groups': 1, 'quantize_verbose': False, 'quantization_type': 'symmetric', 'quantize_weight_in_forward': False, 'rounding': 'nearest', 'fp16_mixed_quantize': False, 'quantize_change_ratio': 0.001}, 'different_groups': {}}, 'activation_quantization': {'shared_parameters': {'enabled': False, 'quantization_type': 'symmetric', 'range_calibration': 'dynamic', 'schedule_offset': 1000}, 'different_groups': {}}, 'sparse_pruning': {'shared_parameters': {'enabled': False, 'method': 'l1', 'schedule_offset': 1000}, 'different_groups': {}}, 'row_pruning': {'shared_parameters': {'enabled': False, 'method': 'l1', 'schedule_offset': 1000}, 'different_groups': {}}, 'head_pruning': {'shared_parameters': {'enabled': False, 'method': 'topk', 'schedule_offset': 1000}, 'different_groups': {}}, 'channel_pruning': {'shared_parameters': {'enabled': False, 'method': 'l1', 'schedule_offset': 1000}, 'different_groups': {}}, 'layer_reduction': {'enabled': False}}
[2026-08-12 22:44:00,355] [INFO] [config.py:958:print]   curriculum_enabled_legacy .... False
[2026-08-12 22:44:00,355] [INFO] [config.py:958:print]   curriculum_params_legacy ..... False
[2026-08-12 22:44:00,355] [INFO] [config.py:958:print]   data_efficiency_config ....... {'enabled': False, 'seed': 1234, 'data_sampling': {'enabled': False, 'num_epochs': 1000, 'num_workers': 0, 'pin_memory': False, 'curriculum_learning': {'enabled': False}, 'dynamic_batching': {'enabled': False, 'lr_scaling_method': 'linear', 'min_batch_size': 1, 'max_batch_size': None, 'sequence_picking_order': 'dataloader', 'verbose': False}}, 'data_routing': {'enabled': False, 'random_ltd': {'enabled': False, 'layer_token_lr_schedule': {'enabled': False}}}}
[2026-08-12 22:44:00,355] [INFO] [config.py:958:print]   data_efficiency_enabled ...... False
[2026-08-12 22:44:00,355] [INFO] [config.py:958:print]   dataloader_drop_last ......... False
[2026-08-12 22:44:00,355] [INFO] [config.py:958:print]   disable_allgather ............ False
[2026-08-12 22:44:00,355] [INFO] [config.py:958:print]   dump_state ................... False
[2026-08-12 22:44:00,355] [INFO] [config.py:958:print]   eigenvalue_enabled ........... False
[2026-08-12 22:44:00,355] [INFO] [config.py:958:print]   eigenvalue_gas_boundary_resolution  1
[2026-08-12 22:44:00,355] [INFO] [config.py:958:print]   eigenvalue_layer_name ........ bert.encoder.layer
[2026-08-12 22:44:00,355] [INFO] [config.py:958:print]   eigenvalue_layer_num ......... 0
[2026-08-12 22:44:00,355] [INFO] [config.py:958:print]   eigenvalue_max_iter .......... 100
[2026-08-12 22:44:00,355] [INFO] [config.py:958:print]   eigenvalue_stability ......... 1e-06
[2026-08-12 22:44:00,355] [INFO] [config.py:958:print]   eigenvalue_tol ............... 0.01
[2026-08-12 22:44:00,355] [INFO] [config.py:958:print]   eigenvalue_verbose ........... False
[2026-08-12 22:44:00,355] [INFO] [config.py:958:print]   elasticity_enabled ........... False
[2026-08-12 22:44:00,355] [INFO] [config.py:958:print]   float16_config ............... enabled=False auto_cast=False loss_scale=0.0 initial_scale_power=16 loss_scale_window=1000 hysteresis=2 consecutive_hysteresis=False min_loss_scale=1 fp16_master_weights_and_grads=False
[2026-08-12 22:44:00,355] [INFO] [config.py:958:print]   flops_profiler_config ........ {
    "enabled": false, 
    "recompute_fwd_factor": 0.0, 
    "profile_step": 1, 
    "module_depth": -1, 
    "top_modules": 1, 
    "detailed": true, 
    "output_file": null
}
[2026-08-12 22:44:00,355] [INFO] [config.py:958:print]   global_rank .................. 0
[2026-08-12 22:44:00,355] [INFO] [config.py:958:print]   grad_accum_dtype ............. None
[2026-08-12 22:44:00,355] [INFO] [config.py:958:print]   gradient_accumulation_steps .. 1
[2026-08-12 22:44:00,355] [INFO] [config.py:958:print]   gradient_clipping ............ 1.0
[2026-08-12 22:44:00,355] [INFO] [config.py:958:print]   gradient_predivide_factor .... 1.0
[2026-08-12 22:44:00,355] [INFO] [config.py:958:print]   graph_harvesting ............. False
[2026-08-12 22:44:00,355] [INFO] [config.py:958:print]   hybrid_engine ................ enabled=False max_out_tokens=512 inference_tp_size=1 release_inference_cache=False pin_parameters=True tp_gather_partition_size=8
[2026-08-12 22:44:00,355] [INFO] [config.py:958:print]   load_universal_checkpoint .... False
[2026-08-12 22:44:00,355] [INFO] [config.py:958:print]   memory_breakdown ............. False
[2026-08-12 22:44:00,356] [INFO] [config.py:958:print]   mics_hierarchial_params_gather  False
[2026-08-12 22:44:00,356] [INFO] [config.py:958:print]   mics_shard_size .............. -1
[2026-08-12 22:44:00,356] [INFO] [config.py:958:print]   monitor_config ............... tensorboard=TensorBoardConfig(enabled=False, output_path='', job_name='DeepSpeedJobName') comet=CometConfig(enabled=False, samples_log_interval=100, project=None, workspace=None, api_key=None, experiment_name=None, experiment_key=None, online=None, mode=None) wandb=WandbConfig(enabled=False, group=None, team=None, project='deepspeed') csv_monitor=CSVConfig(enabled=False, output_path='', job_name='DeepSpeedJobName')
[2026-08-12 22:44:00,356] [INFO] [config.py:958:print]   nebula_config ................ {
    "enabled": false, 
    "persistent_storage_path": null, 
    "persistent_time_interval": 100, 
    "num_of_version_in_retention": 2, 
    "enable_nebula_load": true, 
    "load_path": null
}
[2026-08-12 22:44:00,356] [INFO] [config.py:958:print]   optimizer_legacy_fusion ...... False
[2026-08-12 22:44:00,356] [INFO] [config.py:958:print]   optimizer_name ............... None
[2026-08-12 22:44:00,356] [INFO] [config.py:958:print]   optimizer_params ............. None
[2026-08-12 22:44:00,356] [INFO] [config.py:958:print]   pipeline ..................... {'stages': 'auto', 'partition': 'best', 'seed_layers': False, 'activation_checkpoint_interval': 0, 'pipe_partitioned': True, 'grad_partitioned': True}
[2026-08-12 22:44:00,356] [INFO] [config.py:958:print]   pld_enabled .................. False
[2026-08-12 22:44:00,356] [INFO] [config.py:958:print]   pld_params ................... False
[2026-08-12 22:44:00,356] [INFO] [config.py:958:print]   prescale_gradients ........... False
[2026-08-12 22:44:00,356] [INFO] [config.py:958:print]   scheduler_name ............... None
[2026-08-12 22:44:00,356] [INFO] [config.py:958:print]   scheduler_params ............. None
[2026-08-12 22:44:00,356] [INFO] [config.py:958:print]   seq_parallel_communication_data_type  torch.float32
[2026-08-12 22:44:00,356] [INFO] [config.py:958:print]   sparse_attention ............. None
[2026-08-12 22:44:00,356] [INFO] [config.py:958:print]   sparse_gradients_enabled ..... False
[2026-08-12 22:44:00,356] [INFO] [config.py:958:print]   steps_per_print .............. inf
[2026-08-12 22:44:00,356] [INFO] [config.py:958:print]   tensor_parallel_config ....... dtype=torch.float16 autotp_size=0 tp_overlap_comm=False tensor_parallel=TPConfig(tp_size=1, tp_grain_size=1, mpu=None, tp_group=None) injection_policy_tuple=None keep_module_on_host=False replace_with_kernel_inject=False
[2026-08-12 22:44:00,356] [INFO] [config.py:958:print]   timers_config ................ enabled=True synchronized=True
[2026-08-12 22:44:00,356] [INFO] [config.py:958:print]   torch_autocast_dtype ......... None
[2026-08-12 22:44:00,356] [INFO] [config.py:958:print]   torch_autocast_enabled ....... False
[2026-08-12 22:44:00,356] [INFO] [config.py:958:print]   torch_autocast_lower_precision_safe_modules  None
[2026-08-12 22:44:00,356] [INFO] [config.py:958:print]   train_batch_size ............. 8
[2026-08-12 22:44:00,356] [INFO] [config.py:958:print]   train_micro_batch_size_per_gpu  1
[2026-08-12 22:44:00,356] [INFO] [config.py:958:print]   use_data_before_expert_parallel_  False
[2026-08-12 22:44:00,356] [INFO] [config.py:958:print]   use_node_local_storage ....... False
[2026-08-12 22:44:00,356] [INFO] [config.py:958:print]   wall_clock_breakdown ......... False
[2026-08-12 22:44:00,356] [INFO] [config.py:958:print]   weight_quantization_config ... None
[2026-08-12 22:44:00,356] [INFO] [config.py:958:print]   world_size ................... 8
[2026-08-12 22:44:00,356] [INFO] [config.py:958:print]   zero_allow_untested_optimizer  True
[2026-08-12 22:44:00,356] [INFO] [config.py:958:print]   zero_config .................. stage=3 contiguous_gradients=True reduce_scatter=True reduce_bucket_size=500000000 use_multi_rank_bucket_allreduce=True allgather_partitions=True allgather_bucket_size=500000000 overlap_comm=True load_from_fp32_weights=True elastic_checkpoint=False offload_param=DeepSpeedZeroOffloadParamConfig(device='none', nvme_path=None, buffer_count=5, buffer_size=100000000, max_in_cpu=1000000000, pin_memory=False) offload_optimizer=DeepSpeedZeroOffloadOptimizerConfig(device='none', nvme_path=None, buffer_count=4, pin_memory=False, pipeline_read=False, pipeline_write=False, fast_init=False, ratio=1.0) sub_group_size=1000000000 cpu_offload_param=None cpu_offload_use_pin_memory=None cpu_offload=None prefetch_bucket_size=50000000 param_persistence_threshold=100000 model_persistence_threshold=9223372036854775807 max_live_parameters=1000000000 max_reuse_distance=1000000000 gather_16bit_weights_on_model_save=True module_granularity_threshold=0 use_all_reduce_for_fetch_params=False stage3_gather_fp16_weights_on_model_save=False ignore_unused_parameters=True legacy_stage1=False round_robin_gradients=False zero_hpz_partition_size=1 zero_quantized_weights=False zero_quantized_nontrainable_weights=False zero_quantized_gradients=False zeropp_loco_param=None mics_shard_size=-1 mics_hierarchical_params_gather=False memory_efficient_linear=True pipeline_loading_checkpoint=False override_module_apply=True log_trace_cache_warnings=False
[2026-08-12 22:44:00,356] [INFO] [config.py:958:print]   zero_enabled ................. True
[2026-08-12 22:44:00,356] [INFO] [config.py:958:print]   zero_force_ds_cpu_optimizer .. True
[2026-08-12 22:44:00,356] [INFO] [config.py:958:print]   zero_optimization_stage ...... 3
[2026-08-12 22:44:00,356] [INFO] [config.py:944:print_user_config]   json = {
    "train_batch_size": 8, 
    "train_micro_batch_size_per_gpu": 1, 
    "gradient_accumulation_steps": 1, 
    "zero_optimization": {
        "stage": 3, 
        "offload_optimizer": {
            "device": "none", 
            "nvme_path": null
        }, 
        "offload_param": {
            "device": "none", 
            "nvme_path": null
        }, 
        "stage3_gather_16bit_weights_on_model_save": true
    }, 
    "gradient_clipping": 1.0, 
    "steps_per_print": inf, 
    "bf16": {
        "enabled": true
    }, 
    "fp16": {
        "enabled": false
    }, 
    "zero_allow_untested_optimizer": true
}
[zero3] prepared; zero stage 3

[hazard 1] nothing may land in .grad
  ok   no parameter has a .grad after the glimpse pass, on any rank   0 parameters with .grad

[hazard 4] the map is a real map, not a shard artefact
  ok   every rank's map is finite and non-degenerate
  ok   the map has the language-model grid's shape   (1, 4, 4)

[hazard 3] the diagnostic gather is a collective
  ok   every rank returns the same diagnostic key set, incl. the rank that scored nothing
  ok   and therefore the same number of collectives   10

[hazard 2] the ZeRO-3 trace survives rank disagreement
          (rank r ran r steps: 0..7, so the module-forward counts differ by design)
  ok   the trainer's own coordinator lookup finds a live coordinator
          coordinator trace invalidated
  ok   a real fwd+bwd+optimizer step runs after the glimpse pass   loss 12.0115
  ok   and a SECOND one, which is where a stale trace is replayed   loss 12.0114

8 passed, 0 failed
