[probe] shard 0/8: 5/40 samples
[probe] === model base_coldstart ===
Loading weights:   0%|          | 0/750 [00:00<?, ?it/s]Loading weights: 100%|██████████| 750/750 [00:00<00:00, 11420.82it/s]
Loading weights:   0%|          | 0/111 [00:00<?, ?it/s]Loading weights: 100%|██████████| 111/111 [00:00<00:00, 10610.51it/s]
[glimpse-mem] spans=4 tokens=68 layers=36 len=555 peak=20.2GiB
[glimpse-mem] spans=3 tokens=56 layers=36 len=519 peak=20.0GiB
[glimpse-mem] spans=5 tokens=74 layers=36 len=544 peak=20.1GiB
[glimpse-mem] spans=3 tokens=53 layers=36 len=383 peak=19.1GiB
[glimpse-mem] spans=5 tokens=106 layers=36 len=781 peak=21.5GiB
[glimpse-mem] spans=1 tokens=43 layers=36 len=469 peak=19.6GiB
[glimpse-mem] spans=3 tokens=46 layers=36 len=454 peak=19.5GiB
Loading weights:   0%|          | 0/1182 [00:00<?, ?it/s]Loading weights: 100%|██████████| 1182/1182 [00:00<00:00, 17711.39it/s]
[probe] base_coldstart sample 1/5 done
[glimpse-mem] spans=3 tokens=65 layers=36 len=534 peak=20.9GiB
[glimpse-mem] spans=2 tokens=38 layers=36 len=660 peak=21.6GiB
[glimpse-mem] spans=4 tokens=64 layers=36 len=591 peak=21.2GiB
[glimpse-mem] spans=2 tokens=39 layers=36 len=494 peak=20.6GiB
[glimpse-mem] spans=1 tokens=19 layers=36 len=475 peak=20.5GiB
[glimpse-mem] spans=5 tokens=102 layers=36 len=610 peak=21.4GiB
[glimpse-mem] spans=1 tokens=41 layers=36 len=508 peak=20.7GiB
[glimpse-mem] spans=3 tokens=64 layers=36 len=574 peak=21.2GiB
[probe] base_coldstart sample 2/5 done
[glimpse-mem] spans=1 tokens=22 layers=36 len=423 peak=20.2GiB
[glimpse-mem] spans=4 tokens=80 layers=36 len=639 peak=21.5GiB
[glimpse-mem] spans=2 tokens=37 layers=36 len=463 peak=20.5GiB
[glimpse-mem] spans=1 tokens=24 layers=36 len=506 peak=20.7GiB
[glimpse-mem] spans=1 tokens=28 layers=36 len=488 peak=20.6GiB
[glimpse-mem] spans=1 tokens=29 layers=36 len=495 peak=20.6GiB
[glimpse-mem] spans=3 tokens=50 layers=36 len=455 peak=20.4GiB
[glimpse-mem] spans=1 tokens=15 layers=36 len=493 peak=20.6GiB
[probe] base_coldstart sample 3/5 done
[glimpse-mem] spans=6 tokens=79 layers=36 len=554 peak=21.0GiB
[glimpse-mem] spans=4 tokens=53 layers=36 len=433 peak=20.3GiB
[glimpse-mem] spans=9 tokens=153 layers=36 len=675 peak=21.8GiB
[glimpse-mem] spans=3 tokens=43 layers=36 len=434 peak=20.3GiB
[glimpse-mem] spans=2 tokens=46 layers=36 len=539 peak=20.9GiB
[glimpse-mem] spans=2 tokens=42 layers=36 len=452 peak=20.4GiB
[glimpse-mem] spans=4 tokens=95 layers=36 len=496 peak=20.7GiB
[glimpse-mem] spans=2 tokens=37 layers=36 len=523 peak=20.8GiB
[probe] base_coldstart sample 4/5 done
[glimpse-mem] spans=8 tokens=158 layers=36 len=839 peak=22.8GiB
[glimpse-mem] spans=6 tokens=99 layers=36 len=1000 peak=23.7GiB
[glimpse-mem] spans=4 tokens=63 layers=36 len=493 peak=20.6GiB
[glimpse-mem] spans=2 tokens=41 layers=36 len=536 peak=20.9GiB
[glimpse-mem] spans=3 tokens=47 layers=36 len=737 peak=22.1GiB
[glimpse-mem] spans=5 tokens=79 layers=36 len=588 peak=21.3GiB
[glimpse-mem] spans=4 tokens=72 layers=36 len=522 peak=20.9GiB
[probe] base_coldstart sample 5/5 done
[probe] wrote outputs/glimpse_reward_gpu/spread/probe_shard00.json
